// Jest Snapshot v1, https://goo.gl/fbAQLP

exports[`Hyperlink shadow DOM renders correctly 1`] = `
<starstuff-hyperlink
  data-testid="starstuff-hyperlink-shadowdom"
  href="/test"
>
  Mark {}
  Test Link
  Mark {}
</starstuff-hyperlink>
`;

exports[`Hyperlink shadow DOM renders correctly 2`] = `
<a href="/test">
  <slot>
  </slot>
</a>
<style>
  :host,
  :host a {
    color: var(--starstuff-hyperlink-default-color);
    text-decoration: none;

    box-shadow: inset 0 -1px 0 0 rgba(var(--starstuff-hyperlink-default-color), 0.5);

    --starstuff-hyperlink-default-color: 0, 0, 0;
  }

  @media screen and (prefers-color-scheme: dark) {
    :host,
    :host a {
      --starstuff-hyperlink-default-color: 255, 255, 255;
    }
  }

  :host(:hover),
  :host(:focus) {
    box-shadow: inset 0 -2px 0 0 rgba(var(--starstuff-hyperlink-default-color), 0.7);
  }
</style>
`;
