// Jest Snapshot v1, https://goo.gl/fbAQLP

exports[`Hyperbutton renders correctly 1`] = `
<starstuff-hyperbutton
  href="/test"
>
  Mark {}
  Test Link
  Mark {}
</starstuff-hyperbutton>
`;
