// Jest Snapshot v1, https://goo.gl/fbAQLP

exports[`Starstuff Components Library contains the correct list of exported components 1`] = `
Array [
  "Card",
  "Hyperbutton",
  "Hyperlink",
]
`;
